[www.themoviedb.org/movie.html]
[backblue.gif]
[fade.gif]
[index.html]
[www.themoviedb.org/assets/2/v4/icons/mstile-144x144-30e7905a8315a080978ad6aeb71c69222b72c2f75d26dab1224173a96fecc962.png]
[www.themoviedb.org/assets/2/apple-touch-icon-57ed4b3b0450fd5e9a0c20f34e814b82adaa1085c79bdde2f00ca8787b63d2c4.png]
[www.themoviedb.org/assets/2/favicon-32x32-543a21832c8931d3494a68881f6afcafc58e96c5d324345377f3197a37b367b5.png]
[www.themoviedb.org/assets/2/favicon-16x16-b362d267873ce9c5a39f686a11fe67fec2a72ed25fa8396c11b71aa43c938b11.png]
[www.themoviedb.org/manifest7fb8.json]
[www.themoviedb.org/opensearch.xml]
[www.themoviedb.org/assets/2/Consensus-3cba2c4d050ea63dbf7783173d288faf9ecb2942515a5e7f6e1beecabb2eaf72.woff2]
[www.themoviedb.org/assets/2/source-sans-pro-v14-vietnamese_latin-ext_latin_greek-ext_greek_cyrillic-ext_cyrillic-regular-f38472b9e378b8c936f55a92677f575ab69e414d7cc3706ecfefeacd994b7975.woff2]
[www.themoviedb.org/assets/2/source-sans-pro-v14-vietnamese_latin-ext_latin_greek-ext_greek_cyrillic-ext_cyrillic-italic-48273a74acbc1611b6ef1d0a771bb8ef042b9922b51d5bff560571dddcb5542a.woff2]
[www.themoviedb.org/assets/2/source-sans-pro-v14-vietnamese_latin-ext_latin_greek-ext_greek_cyrillic-ext_cyrillic-300-db9f15a13a9f8b8bc46db7756ab863e8834bd20a7a1124c4c0a5a8f7892f3e99.woff2]
[www.themoviedb.org/assets/2/source-sans-pro-v14-vietnamese_latin-ext_latin_greek-ext_greek_cyrillic-ext_cyrillic-600-6a087a74d78fc7d7b97fa1b0911c4ff3be4ff0bd5144618fd7ddc63ef1777f3a.woff2]
[www.themoviedb.org/assets/2/source-sans-pro-v14-vietnamese_latin-ext_latin_greek-ext_greek_cyrillic-ext_cyrillic-700-d67f7dff97d105f4ac5616b00fc7822ce2c33f653ece2f547995e6a71bb7b993.woff2]
[www.themoviedb.org/assets/2/v4/fonts-dcbded27193f5556450c516bf4b553e851bc6d1c8d1c8e6da45a57e3fc278cff.css]
[www.themoviedb.org/assets/2/application-a14e68d1a4d377e4fc789fe3df47fbe9423d18160661c16f1b082d7796a1a949.css]
[www.themoviedb.org/assets/2/v4/media-c1f9581d4dd663bb6ad31ee77d75f0bd6d7e7f0549b767e38d1e651a919170dc.css]
[www.themoviedb.org/assets/2/v4/discover-10bc6817ff38eeea144b83faa12e04ab9e4fd8c8a9a9e96beef559719703f92e.css]
[www.themoviedb.org/assets/2/v4/account-b319cd4a84c95dd99e3cbbdc00e8da720b4ff5743de42eb91d16846a57869905.css]
[www.themoviedb.org/movie376a.html]
[www.themoviedb.org/movie06a9.html]
[www.themoviedb.org/movie9d53.html]
[www.themoviedb.org/movie19ad.html]
[www.themoviedb.org/moviedd12.html]
[www.themoviedb.org/movief979.html]
[www.themoviedb.org/movie874f.html]
[www.themoviedb.org/movie2445.html]
[www.themoviedb.org/movieaa4f.html]
[www.themoviedb.org/movie2fd0.html]
[www.themoviedb.org/movie18ca.html]
[www.themoviedb.org/moviefdd3.html]
[www.themoviedb.org/movie5c0a.html]
[www.themoviedb.org/moviececc.html]
[www.themoviedb.org/movie373a.html]
[www.themoviedb.org/movie7a22.html]
[www.themoviedb.org/movie64a0.html]
[www.themoviedb.org/movie7fd7.html]
[www.themoviedb.org/movieb4df.html]
[www.themoviedb.org/movied434.html]
[www.themoviedb.org/movie459f.html]
[www.themoviedb.org/movie56f1.html]
[www.themoviedb.org/movie58b1.html]
[www.themoviedb.org/moviebada.html]
[www.themoviedb.org/movie6d2a.html]
[www.themoviedb.org/movie5ea3.html]
[www.themoviedb.org/movie3574.html]
[www.themoviedb.org/movied8bd.html]
[www.themoviedb.org/movie2d98.html]
[www.themoviedb.org/moviea72c.html]
[www.themoviedb.org/movie7ebd.html]
[www.themoviedb.org/movie48ef.html]
[www.themoviedb.org/movie73d5.html]
[www.themoviedb.org/moviec7d1.html]
[www.themoviedb.org/movie1778.html]
[www.themoviedb.org/movief6be.html]
[www.themoviedb.org/movie550c.html]
[www.themoviedb.org/movie5941.html]
[www.themoviedb.org/movief14a.html]
[www.themoviedb.org/movie7e39.html]
[www.themoviedb.org/movie5f1a.html]
[www.themoviedb.org/movie5e34.html]
[www.themoviedb.org/movie51f8.html]
[www.themoviedb.org/movief602.html]
[www.themoviedb.org/moviebc3a.html]
[www.themoviedb.org/moviec5c5.html]
[www.themoviedb.org/movie687e.html]
[www.themoviedb.org/moviec925.html]
[www.themoviedb.org/movie9a0d.html]
[www.themoviedb.org/movie0480.html]
[www.themoviedb.org/movie7f7c.html]
[www.themoviedb.org/moviea7cf.html]
[www.themoviedb.org/movie7a05.html]
[www.themoviedb.org/movie6ef0.html]
[www.themoviedb.org/movie2001.html]
[www.themoviedb.org/movie4daf.html]
[www.themoviedb.org/movie75f3.html]
[www.themoviedb.org/movie57e6.html]
[www.themoviedb.org/movie94b6.html]
[www.themoviedb.org/movie99a8.html]
[www.themoviedb.org/movie9392.html]
[www.themoviedb.org/movie4dc1.html]
[www.themoviedb.org/movie472c.html]
[www.themoviedb.org/movie7c23.html]
[www.themoviedb.org/movie5ab4.html]
[www.themoviedb.org/movie3ee5.html]
[www.themoviedb.org/movie38ac.html]
[www.themoviedb.org/movie6e1b.html]
[www.themoviedb.org/movie9ef0.html]
[www.themoviedb.org/moviec057.html]
[www.themoviedb.org/moviee537.html]
[www.themoviedb.org/movie45a6.html]
[www.themoviedb.org/movie87b4.html]
[www.themoviedb.org/movieb393.html]
[www.themoviedb.org/movie031a.html]
[www.themoviedb.org/moviea7d9.html]
[www.themoviedb.org/movie029a.html]
[www.themoviedb.org/moviea302.html]
[www.themoviedb.org/movieeeec.html]
[www.themoviedb.org/movie4288.html]
[www.themoviedb.org/movie3075.html]
[www.themoviedb.org/movie9910.html]
[www.themoviedb.org/movieaf96.html]
[www.themoviedb.org/moviee2d4.html]
[www.themoviedb.org/moviec143.html]
[www.themoviedb.org/movie0c00.html]
[www.themoviedb.org/movie1ea1.html]
[www.themoviedb.org/movie554a.html]
[www.themoviedb.org/movieda84.html]
[www.themoviedb.org/movieaeb2.html]
[www.themoviedb.org/movie346a.html]
[www.themoviedb.org/movie9308.html]
[www.themoviedb.org/movie7445.html]
[www.themoviedb.org/movie5bfc.html]
[www.themoviedb.org/moviea661.html]
[www.themoviedb.org/movie9743.html]
[www.themoviedb.org/movie0816.html]
[www.themoviedb.org/movie6caa.html]
[www.themoviedb.org/movie417e.html]
[www.themoviedb.org/movie6914.html]
[www.themoviedb.org/movie82ed.html]
[www.themoviedb.org/movie124f.html]
[www.themoviedb.org/movie4267.html]
[www.themoviedb.org/moviea422.html]
[www.themoviedb.org/moviec1f8.html]
[www.themoviedb.org/movie5128.html]
[www.themoviedb.org/moviec4f4.html]
[www.themoviedb.org/movie3e79.html]
[www.themoviedb.org/movie0b3d.html]
[www.themoviedb.org/moviefee4.html]
[www.themoviedb.org/movie92db.html]
[www.themoviedb.org/movie8cf4.html]
[www.themoviedb.org/movie306f.html]
[www.themoviedb.org/movie05a4.html]
[www.themoviedb.org/moviefeaf.html]
[www.themoviedb.org/movie0c58.html]
[www.themoviedb.org/moviefb08.html]
[www.themoviedb.org/moviee13e.html]
[www.themoviedb.org/movie67d1.html]
[www.themoviedb.org/movieadcd.html]
[www.themoviedb.org/movieea3a.html]
[www.themoviedb.org/movie095a.html]
[www.themoviedb.org/movie27ac.html]
[www.themoviedb.org/movie613a.html]
[www.themoviedb.org/movie3820.html]
[www.themoviedb.org/moviea9ad.html]
[www.themoviedb.org/movie2078.html]
[www.themoviedb.org/movie832f.html]
[www.themoviedb.org/movie7360.html]
[www.themoviedb.org/movie2fbd.html]
[www.themoviedb.org/moviec498.html]
[www.themoviedb.org/movied0c3.html]
[www.themoviedb.org/movie2897.html]
[www.themoviedb.org/movie0040.html]
[www.themoviedb.org/movie2ac2.html]
[www.themoviedb.org/movie9699.html]
[www.themoviedb.org/movie9119.html]
[www.themoviedb.org/moviec545.html]
[www.themoviedb.org/movie2212.html]
[www.themoviedb.org/movie5b3e.html]
[www.themoviedb.org/assets/2/jquery-3.7.1.min-fc9a93dd241f6b045cbff0481cf4e1901becd0e12fb45166a8f17f95823f0b1a.js]
[www.themoviedb.org/assets/2/kendo.custom-858b6fdebd475fa1403dfd32a63fd6fd85aa32b4ece5ee63ef6d7631a3e09d9c.js]
[www.themoviedb.org/assets/2/application-f9c8347cb25c4f2fbf78e20e81098f391b40e2c8a5119512676564710cf1566c.js]
[www.themoviedb.org/assets/2/pusher.min-9f51d49d90f7270e50cb33df7624f0e41466e2581a8d5684b3d0412e910b0767.js]
[www.themoviedb.org/assets/2/nprogress-1833552fcc8da90ba237e12b2b5caeadb1e2e96b0a3eb980dcc87d51aac0918a.js]
[cdn.cookielaw.org/scripttemplates/otSDKStub.js]
[www.themoviedb.org/assets/2/kendo-2024.4.1112/mjs/kendo.mobile.scroller.js]
[www.themoviedb.org/assets/2/kendo-2024.4.1112/mjs/messages/kendo.messages.en-US.js]
[www.themoviedb.org/assets/2/kendo-2024.4.1112/mjs/cultures/kendo.culture.en-US.js]
[www.themoviedb.org/assets/2/timeago/locales/jquery.timeago.en-US-f9d144e55407ca11f35de7a0d44b0d54ec1ffc6c4039dffd5a11c0a12e6a9482.js]
[www.themoviedb.org/assets/2/v4/logos/v2/blue_short-8e7b30f73a4020692ccca9c88bafe5dcb6f8a62a4c6bc55cd9ba82bb2cd95f6c.svg]
[www.themoviedb.org/movie.html]
[www.themoviedb.org/assets/2/v4/fonts-dcbded27193f5556450c516bf4b553e851bc6d1c8d1c8e6da45a57e3fc278cff.css]
[www.themoviedb.org/assets/2/application-a14e68d1a4d377e4fc789fe3df47fbe9423d18160661c16f1b082d7796a1a949.css]
[www.themoviedb.org/assets/2/v4/media-c1f9581d4dd663bb6ad31ee77d75f0bd6d7e7f0549b767e38d1e651a919170dc.css]
[www.themoviedb.org/assets/2/v4/discover-10bc6817ff38eeea144b83faa12e04ab9e4fd8c8a9a9e96beef559719703f92e.css]
[www.themoviedb.org/assets/2/v4/account-b319cd4a84c95dd99e3cbbdc00e8da720b4ff5743de42eb91d16846a57869905.css]
[www.themoviedb.org/movie376a.html]
[www.themoviedb.org/movie06a9.html]
[www.themoviedb.org/movie9d53.html]
[www.themoviedb.org/movie19ad.html]
[www.themoviedb.org/moviedd12.html]
[www.themoviedb.org/movief979.html]
[www.themoviedb.org/movie874f.html]
[www.themoviedb.org/movie2445.html]
[www.themoviedb.org/movieaa4f.html]
[www.themoviedb.org/movie2fd0.html]
[www.themoviedb.org/movie18ca.html]
[www.themoviedb.org/moviefdd3.html]
[www.themoviedb.org/movie5c0a.html]
[www.themoviedb.org/moviececc.html]
[www.themoviedb.org/movie373a.html]
[www.themoviedb.org/movie7a22.html]
[www.themoviedb.org/movie64a0.html]
[www.themoviedb.org/movie7fd7.html]
[www.themoviedb.org/movieb4df.html]
[www.themoviedb.org/movied434.html]
[www.themoviedb.org/movie459f.html]
[www.themoviedb.org/movie56f1.html]
[www.themoviedb.org/movie58b1.html]
[www.themoviedb.org/moviebada.html]
[www.themoviedb.org/movie6d2a.html]
[www.themoviedb.org/movie5ea3.html]
[www.themoviedb.org/movie3574.html]
[www.themoviedb.org/movied8bd.html]
[www.themoviedb.org/movie2d98.html]
[www.themoviedb.org/moviea72c.html]
[www.themoviedb.org/movie7ebd.html]
[www.themoviedb.org/movie48ef.html]
[www.themoviedb.org/movie73d5.html]
[www.themoviedb.org/moviec7d1.html]
[www.themoviedb.org/movie1778.html]
[www.themoviedb.org/movief6be.html]
[www.themoviedb.org/movie550c.html]
[www.themoviedb.org/index.html]
[www.themoviedb.org/movie5941.html]
[www.themoviedb.org/movief14a.html]
[www.themoviedb.org/movie7e39.html]
[www.themoviedb.org/movie5f1a.html]
[www.themoviedb.org/movie5e34.html]
[www.themoviedb.org/movie51f8.html]
[www.themoviedb.org/movief602.html]
[www.themoviedb.org/moviebc3a.html]
[www.themoviedb.org/moviec5c5.html]
[www.themoviedb.org/movie687e.html]
[www.themoviedb.org/moviec925.html]
[www.themoviedb.org/movie9a0d.html]
[www.themoviedb.org/movie0480.html]
[www.themoviedb.org/movie7f7c.html]
[www.themoviedb.org/moviea7cf.html]
[www.themoviedb.org/movie7a05.html]
[www.themoviedb.org/movie6ef0.html]
[www.themoviedb.org/movie2001.html]
[www.themoviedb.org/movie4daf.html]
[www.themoviedb.org/movie75f3.html]
[www.themoviedb.org/movie57e6.html]
[www.themoviedb.org/movie94b6.html]
[www.themoviedb.org/movie99a8.html]
[www.themoviedb.org/movie9392.html]
[www.themoviedb.org/movie4dc1.html]
[www.themoviedb.org/movie472c.html]
[www.themoviedb.org/movie7c23.html]
[www.themoviedb.org/movie5ab4.html]
[www.themoviedb.org/movie3ee5.html]
[www.themoviedb.org/movie38ac.html]
[www.themoviedb.org/movie6e1b.html]
[www.themoviedb.org/movie9ef0.html]
[www.themoviedb.org/moviec057.html]
[www.themoviedb.org/moviee537.html]
[www.themoviedb.org/movie45a6.html]
[www.themoviedb.org/movie87b4.html]
[www.themoviedb.org/movieb393.html]
[www.themoviedb.org/movie031a.html]
[www.themoviedb.org/moviea7d9.html]
[www.themoviedb.org/movie029a.html]
[www.themoviedb.org/moviea302.html]
[www.themoviedb.org/movieeeec.html]
[www.themoviedb.org/movie4288.html]
[www.themoviedb.org/movie3075.html]
[www.themoviedb.org/movie9910.html]
[www.themoviedb.org/movieaf96.html]
[www.themoviedb.org/moviee2d4.html]
[www.themoviedb.org/moviec143.html]
[www.themoviedb.org/movie0c00.html]
[www.themoviedb.org/movie1ea1.html]
[www.themoviedb.org/movie554a.html]
[www.themoviedb.org/movieda84.html]
[www.themoviedb.org/movieaeb2.html]
[www.themoviedb.org/movie346a.html]
[www.themoviedb.org/movie9308.html]
[www.themoviedb.org/movie7445.html]
[www.themoviedb.org/movie5bfc.html]
[www.themoviedb.org/moviea661.html]
[www.themoviedb.org/movie9743.html]
[www.themoviedb.org/movie0816.html]
[www.themoviedb.org/movie6caa.html]
[www.themoviedb.org/movie417e.html]
[www.themoviedb.org/movie6914.html]
[www.themoviedb.org/movie82ed.html]
[www.themoviedb.org/movie124f.html]
[www.themoviedb.org/movie4267.html]
[www.themoviedb.org/moviea422.html]
[www.themoviedb.org/moviec1f8.html]
[www.themoviedb.org/movie5128.html]
[www.themoviedb.org/moviec4f4.html]
[www.themoviedb.org/movie3e79.html]
[www.themoviedb.org/movie0b3d.html]
[www.themoviedb.org/moviefee4.html]
[www.themoviedb.org/movie92db.html]
[www.themoviedb.org/movie8cf4.html]
[www.themoviedb.org/movie306f.html]
[www.themoviedb.org/movie05a4.html]
[www.themoviedb.org/moviefeaf.html]
[www.themoviedb.org/movie0c58.html]
[www.themoviedb.org/moviefb08.html]
[www.themoviedb.org/moviee13e.html]
[www.themoviedb.org/movie67d1.html]
[www.themoviedb.org/movieadcd.html]
[www.themoviedb.org/movieea3a.html]
[www.themoviedb.org/movie095a.html]
[www.themoviedb.org/movie27ac.html]
[www.themoviedb.org/movie613a.html]
[www.themoviedb.org/movie3820.html]
[www.themoviedb.org/moviea9ad.html]
[www.themoviedb.org/movie2078.html]
[www.themoviedb.org/movie832f.html]
[www.themoviedb.org/movie7360.html]
[www.themoviedb.org/movie2fbd.html]
[www.themoviedb.org/moviec498.html]
[www.themoviedb.org/movied0c3.html]
[www.themoviedb.org/movie2897.html]
[www.themoviedb.org/movie0040.html]
[www.themoviedb.org/movie2ac2.html]
[www.themoviedb.org/movie9699.html]
[www.themoviedb.org/movie9119.html]
[www.themoviedb.org/moviec545.html]
[www.themoviedb.org/movie2212.html]
[www.themoviedb.org/movie5b3e.html]
[www.googletagmanager.com/gtm5445.html]
[www.themoviedb.org/index.html]
[www.themoviedb.org/assets/2/v4/logos/v2/blue_short-8e7b30f73a4020692ccca9c88bafe5dcb6f8a62a4c6bc55cd9ba82bb2cd95f6c.svg]
[www.themoviedb.org/movie/now-playing.html]
