[www.codashop.com/img/icons/favicon-48.png]
[www.codashop.com/img/icons/favicon-96.png]
[backblue.gif]
[fade.gif]
[index.html]
[www.codashop.com/assets/app.6666451e1d7396c63f3b.95817.js]
[www.codashop.com/assets/app.95793.css]
[www.codashop.com/assets/npm.amazon-cognito-identity-js.9237e85c478474aba72d.95817.js]
[www.codashop.com/assets/npm.analytics.b9ae8542eb93319f8a57.95817.js]
[www.codashop.com/assets/npm.apollo-cache-inmemory.683257ef58cdb90889eb.95817.js]
[www.codashop.com/assets/npm.apollo-cache.5802cc5cca8c137ace6c.95817.js]
[www.codashop.com/assets/npm.apollo-client.48d6996656c927934fa8.95817.js]
[www.codashop.com/assets/npm.apollo-link-context.611bb54f28feb1b9339c.95817.js]
[www.codashop.com/assets/npm.apollo-link-error.b4f1f37c337f36a71678.95817.js]
[www.codashop.com/assets/npm.apollo-link-http-common.3503a6bc16518353bb1c.95817.js]
[www.codashop.com/assets/npm.apollo-link-http.52115727568b7b9f8cbc.95817.js]
[www.codashop.com/assets/npm.apollo-link.0ce2a444375656a728f1.95817.js]
[www.codashop.com/assets/npm.apollo-utilities.215acf3048558fb04a8f.95817.js]
[www.codashop.com/assets/npm.asn1.js.a04aa8345afd26eab819.95817.js]
[www.codashop.com/assets/npm.aws-amplify.b7047c61d7dae6b74e6b.95817.js]
[www.codashop.com/assets/npm.aws-crypto.806cb25e761a7dedb4d7.95817.js]
[www.codashop.com/assets/npm.aws-sdk.82402e1222337050f6b7.95817.js]
[www.codashop.com/assets/npm.axios.ca3497aeb4c35d4b960b.95817.js]
[www.codashop.com/assets/npm.base64-js.ff73d14f87262d311532.95817.js]
[www.codashop.com/assets/npm.bn.js.95d9f99060cd30d6bd6e.95817.js]
[www.codashop.com/assets/npm.bowser.5d100c1438dc18957bbb.95817.js]
[www.codashop.com/assets/npm.brorand.d8273230a7a7ba0343b4.95817.js]
[www.codashop.com/assets/npm.browserify-aes.edabeadb9875d750920e.95817.js]
[www.codashop.com/assets/npm.browserify-cipher.6dabc5dcbcad5863683e.95817.js]
[www.codashop.com/assets/npm.browserify-des.d0a10adb4e1b609e42b7.95817.js]
[www.codashop.com/assets/npm.browserify-rsa.649a550b87d90f07f23d.95817.js]
[www.codashop.com/assets/npm.browserify-sign.d34bd9bcd51f54ac2621.95817.js]
[www.codashop.com/assets/npm.buffer-equal-constant-time.c9509402c244755e022e.95817.js]
[www.codashop.com/assets/npm.buffer-xor.33c35294d71d63cceab1.95817.js]
[www.codashop.com/assets/npm.buffer.4071ed6e8bed01ef1b00.95817.js]
[www.codashop.com/assets/npm.cipher-base.c8ada6229c8391af0710.95817.js]
[www.codashop.com/assets/npm.clipboard.8cc757a7436a129a5ac2.95817.js]
[www.codashop.com/assets/npm.cookie-universal.a73efc67ab703516a582.95817.js]
[www.codashop.com/assets/npm.cookie.691d5311ecea300f2eb9.95817.js]
[www.codashop.com/assets/npm.core-js.903a86f4fb0c866f35ba.95817.js]
[www.codashop.com/assets/npm.core-util-is.2a052749dedef27fd14e.95817.js]
[www.codashop.com/assets/npm.create-ecdh.7d25268072281d8ca6b4.95817.js]
[www.codashop.com/assets/npm.create-hash.c4c09eb1adca17346f1b.95817.js]
[www.codashop.com/assets/npm.create-hmac.a1355ef25d6d924fd9a0.95817.js]
[www.codashop.com/assets/npm.crypto-browserify.0803a7a828d10dc7acca.95817.js]
[www.codashop.com/assets/npm.crypto-js.659449ef56876aee6fe6.95817.js]
[www.codashop.com/assets/npm.deepmerge.bfa921c8916e7df392bd.95817.js]
[www.codashop.com/assets/npm.des.js.e7ceeb62de1fc007032b.95817.js]
[www.codashop.com/assets/npm.diffie-hellman.741e7b68ed774e4696b0.95817.js]
[www.codashop.com/assets/npm.dompurify.e5474dc444855d5dfc3e.95817.js]
[www.codashop.com/assets/npm.ecdsa-sig-formatter.97e8ed3a4966f40fce56.95817.js]
[www.codashop.com/assets/npm.elliptic.ac3a09f2d2ef47d44811.95817.js]
[www.codashop.com/assets/npm.events.da159c6b66781b1f8c88.95817.js]
[www.codashop.com/assets/npm.evp_bytestokey.4a9ca8563e321d89fde3.95817.js]
[www.codashop.com/assets/npm.experiments.da0068af55336efd43bb.95817.js]
[www.codashop.com/assets/npm.fast-case.57d27db990c270c3286f.95817.js]
[www.codashop.com/assets/npm.fast-json-stable-stringify.9fb9956ba42a48d55442.95817.js]
[www.codashop.com/assets/npm.flatted.fdd7e1d245548bf4ea92.95817.js]
[www.codashop.com/assets/npm.graphql-tag.ff7ba81e4ceb3e517173.95817.js]
[www.codashop.com/assets/npm.graphql.93cbe4d0b551a1e88e76.95817.js]
[www.codashop.com/assets/npm.growthbook.7f8233ba89a3c0a30b46.95817.js]
[www.codashop.com/assets/npm.gtm-support.c21700736103afd35313.95817.js]
[www.codashop.com/assets/npm.hash-base.6f80f658d651c8fe90ca.95817.js]
[www.codashop.com/assets/npm.hash.js.05613bed92d762eed21b.95817.js]
[www.codashop.com/assets/npm.hmac-drbg.bc20bf71c5519a1dd9f1.95817.js]
[www.codashop.com/assets/npm.ieee754.a8a0e273e9616697ac0e.95817.js]
[www.codashop.com/assets/npm.inherits.c968e8ae8d40d3bf70a4.95817.js]
[www.codashop.com/assets/npm.isarray.79777e3bb6b156f85bba.95817.js]
[www.codashop.com/assets/npm.isomorphic-unfetch.f347b0f41a860f629573.95817.js]
[www.codashop.com/assets/npm.jose.d59235df25415b47c278.95817.js]
[www.codashop.com/assets/npm.js-cookie.fc78000be026d7f1de3c.95817.js]
[www.codashop.com/assets/npm.jsonwebtoken.64f61c3015b3eecbd00b.95817.js]
[www.codashop.com/assets/npm.jwa.58021745266c4c81e40d.95817.js]
[www.codashop.com/assets/npm.jws.1cdb35576fd164f4cc01.95817.js]
[www.codashop.com/assets/npm.lodash.4c640869c6866850fd67.95817.js]
[www.codashop.com/assets/npm.lodash.includes.e144c628a15a2d3f0fe4.95817.js]
[www.codashop.com/assets/npm.lodash.isboolean.f22e3b1381200acbd289.95817.js]
[www.codashop.com/assets/npm.lodash.isinteger.a4f9cb14f360f7e4f2dc.95817.js]
[www.codashop.com/assets/npm.lodash.isnumber.6f26998256a5cf1561e1.95817.js]
[www.codashop.com/assets/npm.lodash.isplainobject.3a84959857cafe107bf4.95817.js]
[www.codashop.com/assets/npm.lodash.isstring.849440c6420ca6477b72.95817.js]
[www.codashop.com/assets/npm.lodash.once.581b2f53fe7420134304.95817.js]
[www.codashop.com/assets/npm.lukeed.32636b505ed308490eed.95817.js]
[www.codashop.com/assets/npm.md5.js.5bfc75e8f461f9e335bc.95817.js]
[www.codashop.com/assets/npm.miller-rabin.10b05e001d40d02dd013.95817.js]
[www.codashop.com/assets/npm.minimalistic-assert.849a83e2d28b153c0dc6.95817.js]
[www.codashop.com/assets/npm.minimalistic-crypto-utils.6510f45f5aedb8967b02.95817.js]
[www.codashop.com/assets/npm.ms.9190ace79303cfc0e6b8.95817.js]
[www.codashop.com/assets/npm.node-fetch.ab00435915af82019b12.95817.js]
[www.codashop.com/assets/npm.node-libs-browser.f7d44fc586406f897a4e.95817.js]
[www.codashop.com/assets/npm.optimism.7cdc15d9ec1e594fb08f.95817.js]
[www.codashop.com/assets/npm.parse-asn1.3cd418cd9c34a4726622.95817.js]
[www.codashop.com/assets/npm.path-browserify.d40effe3e53bd1353b66.95817.js]
[www.codashop.com/assets/npm.pbkdf2.6954b11082959a4d2240.95817.js]
[www.codashop.com/assets/npm.process-nextick-args.f9925ca3040d5f68dc89.95817.js]
[www.codashop.com/assets/npm.public-encrypt.90ce31658f6bb876b944.95817.js]
[www.codashop.com/assets/npm.punycode.1e97f3b6663c48d29ba0.95817.js]
[www.codashop.com/assets/npm.querystring-es3.617d4b41a6fcba1becfb.95817.js]
[www.codashop.com/assets/npm.randombytes.8caf5fdb8ac09a8c063d.95817.js]
[www.codashop.com/assets/npm.randomfill.8b0c24652db8b2263eb6.95817.js]
[www.codashop.com/assets/npm.readable-stream.af05084fc8233a9b796f.95817.js]
[www.codashop.com/assets/npm.regenerator-runtime.7eb4e91e8b2167f498c0.95817.js]
[www.codashop.com/assets/npm.register-service-worker.dd343a3cd68f663e679b.95817.js]
[www.codashop.com/assets/npm.ripemd160.a3e75c8724e70a8c3c8b.95817.js]
[www.codashop.com/assets/npm.safe-buffer.133656f1429d4693696c.95817.js]
[www.codashop.com/assets/npm.safer-buffer.3250d46f88e5c39b14de.95817.js]
[www.codashop.com/assets/npm.sentry-internal.9a39a3e44b3cd62688fa.95817.js]
[www.codashop.com/assets/npm.sentry.c57fa46fcab9efdae12d.95817.js]
[www.codashop.com/assets/npm.sha.js.810b297bdf0b246ebd14.95817.js]
[www.codashop.com/assets/npm.stream-browserify.3f16327245801acca98f.95817.js]
[www.codashop.com/assets/npm.string_decoder.2231fb690fe04551867d.95817.js]
[www.codashop.com/assets/npm.symbol-observable.168e8cdfd14361652353.95817.js]
[www.codashop.com/assets/npm.tiny-cookie.cb3840c78854f7e7def1.95817.js]
[www.codashop.com/assets/npm.ts-invariant.828210a6fcc568b75a25.95817.js]
[www.codashop.com/assets/npm.tslib.d79777dfb3df70e283bf.95817.js]
[www.codashop.com/assets/npm.unfetch.29873a550ff7520304af.95817.js]
[www.codashop.com/assets/npm.universal-cookie.81141ed1fc32104f1f4d.95817.js]
[www.codashop.com/assets/npm.url.b53bd76f956b92cea0ae.95817.js]
[www.codashop.com/assets/npm.util-deprecate.01ec85a53a16dc6f36cd.95817.js]
[www.codashop.com/assets/npm.util.f1bc270350fa372cae8b.95817.js]
[www.codashop.com/assets/npm.uuid.441f5e72be634a6cf345.95817.js]
[www.codashop.com/assets/npm.vue-apollo.2cd24cc0a97716d81b21.95817.js]
[www.codashop.com/assets/npm.vue-axios.24f74873d9e7eaf924ae.95817.js]
[www.codashop.com/assets/npm.vue-clipboard2.408b1e05c6fde3935c47.95817.js]
[www.codashop.com/assets/npm.vue-cookie.3061514cf392fd1c4397.95817.js]
[www.codashop.com/assets/npm.vue-head.656273860e7ac4cad82e.95817.js]
[www.codashop.com/assets/npm.vue-i18n.2298792bdc5fa1685e33.95817.js]
[www.codashop.com/assets/npm.vue-loader.122194bbbec794da6f73.95817.js]
[www.codashop.com/assets/npm.vue-meta.291946be1a5e5c89944f.95817.js]
[www.codashop.com/assets/npm.vue-plugin-load-script.92fd09e4c520eaef4b6e.95817.js]
[www.codashop.com/assets/npm.vue-router.5c25d1c8d46f5276b6e2.95817.js]
[www.codashop.com/assets/npm.vue.0fc0855c556e5859958d.95817.js]
[www.codashop.com/assets/npm.vuex-persist.5f913d281630fa4ef486.95817.js]
[www.codashop.com/assets/npm.vuex.f0e82ced051cc1ac9cc5.95817.js]
[www.codashop.com/assets/npm.webpack.e64a58870b0645d66c63.95817.js]
[www.codashop.com/assets/npm.wry.8287990cefd04ffb4376.95817.js]
[www.codashop.com/assets/npm.zen-observable.d0a95d20a40a24058ad5.95817.js]
[www.codashop.com/assets/runtime.380b5cf1.js]
[www.codashop.com/img/icons/favicon-325e1f.png]
[www.codashop.com/img/icons/favicon-165e1f.png]
[www.codashop.com/img/icons/apple-touch-icon-1925e1f.png]
[www.codashop.com/assets/cashback_footer_homePage_notifications_orderComplete_partnerSsoAuthError_rewardsAndWallet_search_unv_e4a3d50d.1c9d57e6c9fa812bbe6c.95817.js]
[www.codashop.com/assets/footer.95793.css]
[www.codashop.com/assets/footer.782f4a74052aa810b8a1.95817.js]
[www.codashop.com/assets/toast.95793.css]
[www.codashop.com/assets/toast.399925a5ac51817f008f.95817.js]
[www.codashop.com/assets/hamburger.dae9d7bd500d11b6fb0b.95817.js]
[www.codashop.com/assets/button.95793.css]
[www.codashop.com/assets/button.87910a742b8b02548273.95817.js]
[www.codashop.com/assets/npm.vee-validate.41b5ce73ee3af54612ea.95817.js]
[www.codashop.com/assets/npm.lodash.debounce.42953abb6948059de93c.95817.js]
[www.codashop.com/assets/npm.vue-horizontal.6df9149d3f6f51e22bb6.95817.js]
[www.codashop.com/assets/npm.youtube-player.631a237387d656b09943.95817.js]
[www.codashop.com/assets/modal.e7fcb111376ee8ffd0f5.95817.js]
[www.codashop.com/assets/chunk-5b680f4d.71c10d70be2e6a238620.95817.js]
[www.codashop.com/assets/international_orderComplete.61e47c4d22de6a5ffda4.95817.js]
[www.codashop.com/assets/international.a8384bc0aa0177964d9f.95817.js]
[www.codashop.com/assets/Unsubscribe_cashback_cashbackLandingPage_codacashLandingPage_deleteAccountOtp_error_homePage_leftPan_d40caea8.95793.css]
[www.codashop.com/assets/Unsubscribe_cashback_cashbackLandingPage_codacashLandingPage_deleteAccountOtp_error_homePage_leftPan_d40caea8.dd22d473fc583f63f98c.95817.js]
[www.codashop.com/assets/codacashLandingPage_leftPanel_notifications_rewardsAndWallet_unverifiedPhoneModal_welcomeModal.610368d71eddb4aa0d62.95817.js]
[www.codashop.com/assets/cashTopUpModals_notifications_redeem-success-modal_walletRestrictedModal.95793.css]
[www.codashop.com/assets/cashTopUpModals_notifications_redeem-success-modal_walletRestrictedModal.deb9804ca7ad8a61dfaf.95817.js]
[www.codashop.com/assets/notifications.95793.css]
[www.codashop.com/assets/notifications.b5b50757640812a89187.95817.js]
[www.codashop.com/assets/lang-id-ID-json.606994a2ccaaac8ffc8c.95817.js]
[www.codashop.com/assets/npm.lodash.throttle.31d4093d3662c5d99bf5.95817.js]
[www.codashop.com/assets/productDetail.95793.css]
[www.codashop.com/assets/productDetail.9bb55d962e85c981f3bf.95817.js]
[www.codashop.com/assets/Icon_leftPanel.c006f1fe9c0f2a45c57d.95817.js]
[www.codashop.com/assets/leftPanel.95793.css]
[www.codashop.com/assets/leftPanel.e0e2facb35c0ec4d7f95.95817.js]
[www.codashop.com/assets/themeSupport.0a73b9f66b83de0f820c.95817.js]
[www.codashop.com/assets/spinner.95793.css]
[www.codashop.com/assets/spinner.4f85748a31ca38e425dd.95817.js]
[www.codashop.com/assets/cashback_codacashLandingPage_rewardsAndWallet_search_transactionHistory_userNotifications_verifySign_6c8c3158.95793.css]
[www.codashop.com/assets/cashback_codacashLandingPage_rewardsAndWallet_search_transactionHistory_userNotifications_verifySign_6c8c3158.b7867613b48bedcc5d24.95817.js]
[www.codashop.com/assets/search.95793.css]
[www.codashop.com/assets/search.2056b0e2ff7f2e17254d.95817.js]
[cdn1.codashop.com/S/content/mobile/images/codashop-logo-new-3a.png]
[cdn1.codashop.com/S/content/social-media-logo/36/socmed-facebook-H36.png]
[cdn1.codashop.com/S/content/social-media-logo/36/socmed-youtube-H36.png]
[cdn1.codashop.com/S/content/social-media-logo/36/socmed-instagram-H36.png]
[cdn1.codashop.com/S/content/social-media-logo/36/socmed-tiktok-H36.png]
[www.codashop.com/id-id/pubg-mobile-uc-redeem-code.html]
[www.codashop.com/assets/img/flags32.ee905aee.png]
[www.codashop.com/assets/app.95793.css]
[www.codashop.com/assets/footer.95793.css]
[www.codashop.com/assets/toast.95793.css]
[www.codashop.com/assets/hamburger.95793.css]
[www.codashop.com/assets/button.95793.css]
[www.codashop.com/assets/Unsubscribe_cashback_cashbackLandingPage_codacashLandingPage_deleteAccountOtp_error_homePage_leftPan_d40caea8.95793.css]
[www.codashop.com/assets/cashTopUpModals_notifications_redeem-success-modal_walletRestrictedModal.95793.css]
[www.codashop.com/assets/notifications.95793.css]
[www.codashop.com/img/popular-tag-background.png]
[www.codashop.com/assets/productDetail.95793.css]
[www.codashop.com/assets/leftPanel.95793.css]
[www.codashop.com/assets/spinner.95793.css]
[www.codashop.com/assets/cashback_codacashLandingPage_rewardsAndWallet_search_transactionHistory_userNotifications_verifySign_6c8c3158.95793.css]
[www.codashop.com/assets/search.95793.css]
[www.codashop.com/assets/cashbackLandingPage.95793.css]
[www.codashop.com/assets/cashbackLandingPage.0f53e07123c3395d0b28.95817.js]
[www.codashop.com/assets/chunk-1eb4126c.95793.css]
[www.codashop.com/assets/chunk-1eb4126c.53eb395f66ca51460020.95817.js]
[www.codashop.com/assets/homePage.95793.css]
[www.codashop.com/id-id/index.html]
[www.codashop.com/assets/homePage.0f780ff6149db5345c43.95817.js]
[cdn1.codashop.com/S/content/common/images/cashback/cashback-with-stars.png]
[www.codashop.com/assets/cashbackLandingPage.95793.css]
[www.codashop.com/assets/chunk-1eb4126c.95793.css]
[cdn1.codashop.com/S/content/common/images/challenges/hub-mobile-banner.png]
[www.codashop.com/assets/homePage.95793.css]
